
  .   ____          _            __ _ _
 /\\ / ___'_ __ _ _(_)_ __  __ _ \ \ \ \
( ( )\___ | '_ | '_| | '_ \/ _` | \ \ \ \
 \\/  ___)| |_)| | | | | || (_| |  ) ) ) )
  '  |____| .__|_| |_|_| |_\__, | / / / /
 =========|_|==============|___/=/_/_/_/
 :: Spring Boot ::                (v3.2.5)

2026-09-20T10:24:49.275+05:30  INFO 18504 --- [auth-service] [           main] c.b.auth.AuthServiceApplication          : Starting AuthServiceApplication v1.0.0 using Java 21.0.9 with PID 18504 (C:\Users\venka\Downloads\backend SOA project Zips\auth-service\target\auth-service-1.0.0.jar started by venka in C:\Users\venka\Downloads\backend SOA project Zips\auth-service)
2026-09-20T10:24:49.306+05:30  INFO 18504 --- [auth-service] [           main] c.b.auth.AuthServiceApplication          : No active profile set, falling back to 1 default profile: "default"
2026-09-20T10:25:02.001+05:30  INFO 18504 --- [auth-service] [           main] .s.d.r.c.RepositoryConfigurationDelegate : Bootstrapping Spring Data JPA repositories in DEFAULT mode.
2026-09-20T10:25:04.107+05:30  INFO 18504 --- [auth-service] [           main] .s.d.r.c.RepositoryConfigurationDelegate : Finished Spring Data repository scanning in 2046 ms. Found 1 JPA repository interface.
2026-09-20T10:25:08.537+05:30  INFO 18504 --- [auth-service] [           main] o.s.cloud.context.scope.GenericScope     : BeanFactory id=a662321f-8b99-34d2-9a0c-c7b67959be68
2026-09-20T10:25:21.551+05:30  WARN 18504 --- [auth-service] [           main] trationDelegate$BeanPostProcessorChecker : Bean 'org.springframework.cloud.client.loadbalancer.LoadBalancerAutoConfiguration$DeferringLoadBalancerInterceptorConfig' of type [org.springframework.cloud.client.loadbalancer.LoadBalancerAutoConfiguration$DeferringLoadBalancerInterceptorConfig] is not eligible for getting processed by all BeanPostProcessors (for example: not eligible for auto-proxying). The currently created BeanPostProcessor [lbRestClientPostProcessor] is declared through a non-static factory method on that class; consider declaring it as static instead.
2026-09-20T10:25:21.587+05:30  WARN 18504 --- [auth-service] [           main] trationDelegate$BeanPostProcessorChecker : Bean 'deferringLoadBalancerInterceptor' of type [org.springframework.cloud.client.loadbalancer.DeferringLoadBalancerInterceptor] is not eligible for getting processed by all BeanPostProcessors (for example: not eligible for auto-proxying). Is this bean getting eagerly injected into a currently created BeanPostProcessor [lbRestClientPostProcessor]? Check the corresponding BeanPostProcessor declaration and its dependencies.
2026-09-20T10:25:29.016+05:30  INFO 18504 --- [auth-service] [           main] o.s.b.w.embedded.tomcat.TomcatWebServer  : Tomcat initialized with port 8084 (http)
2026-09-20T10:25:29.094+05:30  INFO 18504 --- [auth-service] [           main] o.apache.catalina.core.StandardService   : Starting service [Tomcat]
2026-09-20T10:25:29.095+05:30  INFO 18504 --- [auth-service] [           main] o.apache.catalina.core.StandardEngine    : Starting Servlet engine: [Apache Tomcat/10.1.20]
2026-09-20T10:25:29.494+05:30  INFO 18504 --- [auth-service] [           main] o.a.c.c.C.[Tomcat].[localhost].[/]       : Initializing Spring embedded WebApplicationContext
2026-09-20T10:25:29.496+05:30  INFO 18504 --- [auth-service] [           main] w.s.c.ServletWebServerApplicationContext : Root WebApplicationContext: initialization completed in 38969 ms
2026-09-20T10:25:34.925+05:30  INFO 18504 --- [auth-service] [           main] o.hibernate.jpa.internal.util.LogHelper  : HHH000204: Processing PersistenceUnitInfo [name: default]
2026-09-20T10:25:35.441+05:30  INFO 18504 --- [auth-service] [           main] org.hibernate.Version                    : HHH000412: Hibernate ORM core version 6.4.4.Final
2026-09-20T10:25:35.711+05:30  INFO 18504 --- [auth-service] [           main] o.h.c.internal.RegionFactoryInitiator    : HHH000026: Second-level cache disabled
2026-09-20T10:25:38.646+05:30  INFO 18504 --- [auth-service] [           main] o.s.o.j.p.SpringPersistenceUnitInfo      : No LoadTimeWeaver setup: ignoring JPA class transformer
2026-09-20T10:25:39.074+05:30  INFO 18504 --- [auth-service] [           main] com.zaxxer.hikari.HikariDataSource       : HikariPool-1 - Starting...
2026-09-20T10:25:41.412+05:30  INFO 18504 --- [auth-service] [           main] com.zaxxer.hikari.pool.HikariPool        : HikariPool-1 - Added connection org.postgresql.jdbc.PgConnection@1aa31454
2026-09-20T10:25:41.418+05:30  INFO 18504 --- [auth-service] [           main] com.zaxxer.hikari.HikariDataSource       : HikariPool-1 - Start completed.
2026-09-20T10:25:41.590+05:30  WARN 18504 --- [auth-service] [           main] org.hibernate.orm.deprecation            : HHH90000025: PostgreSQLDialect does not need to be specified explicitly using 'hibernate.dialect' (remove the property setting and it will be selected by default)
2026-09-20T10:25:49.766+05:30  INFO 18504 --- [auth-service] [           main] o.h.e.t.j.p.i.JtaPlatformInitiator       : HHH000489: No JTA platform available (set 'hibernate.transaction.jta.platform' to enable JTA platform integration)
2026-09-20T10:25:50.680+05:30  INFO 18504 --- [auth-service] [           main] j.LocalContainerEntityManagerFactoryBean : Initialized JPA EntityManagerFactory for persistence unit 'default'
2026-09-20T10:25:58.879+05:30  WARN 18504 --- [auth-service] [           main] JpaBaseConfiguration$JpaWebConfiguration : spring.jpa.open-in-view is enabled by default. Therefore, database queries may be performed during view rendering. Explicitly configure spring.jpa.open-in-view to disable this warning
2026-09-20T10:26:14.779+05:30  INFO 18504 --- [auth-service] [           main] o.s.b.a.e.web.EndpointLinksResolver      : Exposing 2 endpoint(s) beneath base path '/actuator'
2026-09-20T10:26:17.635+05:30  INFO 18504 --- [auth-service] [           main] o.s.s.web.DefaultSecurityFilterChain     : Will secure any request with [org.springframework.security.web.session.DisableEncodeUrlFilter@762e3836, org.springframework.security.web.context.request.async.WebAsyncManagerIntegrationFilter@15d2c2ca, org.springframework.security.web.context.SecurityContextHolderFilter@1d47b761, org.springframework.security.web.header.HeaderWriterFilter@738da6f2, org.springframework.web.filter.CorsFilter@346d8002, org.springframework.security.web.authentication.logout.LogoutFilter@6e620fa9, com.bibliotech.auth.security.JwtAuthFilter@4823f4d0, org.springframework.security.web.savedrequest.RequestCacheAwareFilter@78ae34f7, org.springframework.security.web.servletapi.SecurityContextHolderAwareRequestFilter@52dfd7f5, org.springframework.security.web.authentication.AnonymousAuthenticationFilter@1368ed98, org.springframework.security.web.session.SessionManagementFilter@7a8316fa, org.springframework.security.web.access.ExceptionTranslationFilter@138d85f8, org.springframework.security.web.access.intercept.AuthorizationFilter@70a81b4e]
2026-09-20T10:26:26.557+05:30  INFO 18504 --- [auth-service] [           main] DiscoveryClientOptionalArgsConfiguration : Eureka HTTP Client uses RestTemplate.
2026-09-20T10:26:27.992+05:30  WARN 18504 --- [auth-service] [           main] iguration$LoadBalancerCaffeineWarnLogger : Spring Cloud LoadBalancer is currently working with the default cache. While this cache implementation is useful for development and tests, it's recommended to use Caffeine cache in production.You can switch to using Caffeine cache, by adding it and org.springframework.cache.caffeine.CaffeineCacheManager to the classpath.
2026-09-20T10:26:28.683+05:30  INFO 18504 --- [auth-service] [           main] o.s.c.n.eureka.InstanceInfoFactory       : Setting initial instance status as: STARTING
2026-09-20T10:26:29.476+05:30  INFO 18504 --- [auth-service] [           main] com.netflix.discovery.DiscoveryClient    : Initializing Eureka in region us-east-1
2026-09-20T10:26:29.514+05:30  INFO 18504 --- [auth-service] [           main] c.n.d.s.r.aws.ConfigClusterResolver      : Resolving eureka endpoints via configuration
2026-09-20T10:26:29.863+05:30  INFO 18504 --- [auth-service] [           main] com.netflix.discovery.DiscoveryClient    : Disable delta property : false
2026-09-20T10:26:29.864+05:30  INFO 18504 --- [auth-service] [           main] com.netflix.discovery.DiscoveryClient    : Single vip registry refresh property : null
2026-09-20T10:26:29.865+05:30  INFO 18504 --- [auth-service] [           main] com.netflix.discovery.DiscoveryClient    : Force full registry fetch : false
2026-09-20T10:26:29.865+05:30  INFO 18504 --- [auth-service] [           main] com.netflix.discovery.DiscoveryClient    : Application is null : false
2026-09-20T10:26:29.865+05:30  INFO 18504 --- [auth-service] [           main] com.netflix.discovery.DiscoveryClient    : Registered Applications size is zero : true
2026-09-20T10:26:29.866+05:30  INFO 18504 --- [auth-service] [           main] com.netflix.discovery.DiscoveryClient    : Application version is -1: true
2026-09-20T10:26:29.866+05:30  INFO 18504 --- [auth-service] [           main] com.netflix.discovery.DiscoveryClient    : Getting all instance registry info from the eureka server
2026-09-20T10:26:34.098+05:30  INFO 18504 --- [auth-service] [           main] com.netflix.discovery.DiscoveryClient    : The response status is 200
2026-09-20T10:26:34.108+05:30  INFO 18504 --- [auth-service] [           main] com.netflix.discovery.DiscoveryClient    : Starting heartbeat executor: renew interval is: 30
2026-09-20T10:26:34.120+05:30  INFO 18504 --- [auth-service] [           main] c.n.discovery.InstanceInfoReplicator     : InstanceInfoReplicator onDemand update allowed rate per min is 4
2026-09-20T10:26:34.134+05:30  INFO 18504 --- [auth-service] [           main] com.netflix.discovery.DiscoveryClient    : Discovery Client initialized at timestamp 1789880194133 with initial instances count: 1
2026-09-20T10:26:34.149+05:30  INFO 18504 --- [auth-service] [           main] o.s.c.n.e.s.EurekaServiceRegistry        : Registering application AUTH-SERVICE with eureka with status UP
2026-09-20T10:26:34.152+05:30  INFO 18504 --- [auth-service] [           main] com.netflix.discovery.DiscoveryClient    : Saw local status change event StatusChangeEvent [timestamp=1789880194152, current=UP, previous=STARTING]
2026-09-20T10:26:34.165+05:30  INFO 18504 --- [auth-service] [nfoReplicator-0] com.netflix.discovery.DiscoveryClient    : DiscoveryClient_AUTH-SERVICE/host.docker.internal:auth-service:8084: registering service...
2026-09-20T10:26:34.397+05:30  INFO 18504 --- [auth-service] [           main] o.s.b.w.embedded.tomcat.TomcatWebServer  : Tomcat started on port 8084 (http) with context path ''
2026-09-20T10:26:34.400+05:30  INFO 18504 --- [auth-service] [           main] .s.c.n.e.s.EurekaAutoServiceRegistration : Updating port to 8084
2026-09-20T10:26:34.763+05:30  INFO 18504 --- [auth-service] [nfoReplicator-0] com.netflix.discovery.DiscoveryClient    : DiscoveryClient_AUTH-SERVICE/host.docker.internal:auth-service:8084 - registration status: 204
2026-09-20T10:26:34.929+05:30  INFO 18504 --- [auth-service] [           main] c.b.auth.AuthServiceApplication          : Started AuthServiceApplication in 110.278 seconds (process running for 116.58)
2026-09-20T10:26:39.698+05:30  INFO 18504 --- [auth-service] [nio-8084-exec-3] o.a.c.c.C.[Tomcat].[localhost].[/]       : Initializing Spring DispatcherServlet 'dispatcherServlet'
2026-09-20T10:26:39.700+05:30  INFO 18504 --- [auth-service] [nio-8084-exec-3] o.s.web.servlet.DispatcherServlet        : Initializing Servlet 'dispatcherServlet'
2026-09-20T10:26:39.714+05:30  INFO 18504 --- [auth-service] [nio-8084-exec-3] o.s.web.servlet.DispatcherServlet        : Completed initialization in 14 ms
2026-09-20T10:31:29.896+05:30  INFO 18504 --- [auth-service] [trap-executor-0] c.n.d.s.r.aws.ConfigClusterResolver      : Resolving eureka endpoints via configuration
2026-09-20T10:36:29.917+05:30  INFO 18504 --- [auth-service] [trap-executor-0] c.n.d.s.r.aws.ConfigClusterResolver      : Resolving eureka endpoints via configuration
2026-09-20T10:41:29.945+05:30  INFO 18504 --- [auth-service] [trap-executor-0] c.n.d.s.r.aws.ConfigClusterResolver      : Resolving eureka endpoints via configuration
2026-09-20T11:08:10.541+05:30  WARN 18504 --- [auth-service] [l-1 housekeeper] com.zaxxer.hikari.pool.HikariPool        : HikariPool-1 - Thread starvation or clock leap detected (housekeeper delta=24m4s198ms408µs500ns).
2026-09-20T11:09:57.870+05:30  INFO 18504 --- [auth-service] [trap-executor-0] c.n.d.s.r.aws.ConfigClusterResolver      : Resolving eureka endpoints via configuration
2026-09-20T11:14:57.884+05:30  INFO 18504 --- [auth-service] [trap-executor-0] c.n.d.s.r.aws.ConfigClusterResolver      : Resolving eureka endpoints via configuration
2026-09-20T11:19:57.907+05:30  INFO 18504 --- [auth-service] [trap-executor-0] c.n.d.s.r.aws.ConfigClusterResolver      : Resolving eureka endpoints via configuration
2026-09-20T11:24:57.931+05:30  INFO 18504 --- [auth-service] [trap-executor-0] c.n.d.s.r.aws.ConfigClusterResolver      : Resolving eureka endpoints via configuration
2026-09-20T11:29:57.944+05:30  INFO 18504 --- [auth-service] [trap-executor-0] c.n.d.s.r.aws.ConfigClusterResolver      : Resolving eureka endpoints via configuration
2026-09-20T11:34:57.958+05:30  INFO 18504 --- [auth-service] [trap-executor-0] c.n.d.s.r.aws.ConfigClusterResolver      : Resolving eureka endpoints via configuration
2026-09-20T11:39:57.971+05:30  INFO 18504 --- [auth-service] [trap-executor-0] c.n.d.s.r.aws.ConfigClusterResolver      : Resolving eureka endpoints via configuration
2026-09-20T11:42:49.191+05:30  INFO 18504 --- [auth-service] [nio-8084-exec-4] o.apache.coyote.http11.Http11Processor   : Error parsing HTTP request header
 Note: further occurrences of HTTP request parsing errors will be logged at DEBUG level.

java.lang.IllegalArgumentException: Invalid character found in method name [0x160x030x010x07H0x010x000x07D0x030x030x9e&0xf40x1dCI0x010xee0xcd0xb30x920xcf0xed0xec0xd2M0xca0xde0x010xad0x1ah0xb70xb0Enmd0x9c0x85NZ ]. HTTP method names must be tokens
	at org.apache.coyote.http11.Http11InputBuffer.parseRequestLine(Http11InputBuffer.java:407) ~[tomcat-embed-core-10.1.20.jar!/:na]
	at org.apache.coyote.http11.Http11Processor.service(Http11Processor.java:264) ~[tomcat-embed-core-10.1.20.jar!/:na]
	at org.apache.coyote.AbstractProcessorLight.process(AbstractProcessorLight.java:63) ~[tomcat-embed-core-10.1.20.jar!/:na]
	at org.apache.coyote.AbstractProtocol$ConnectionHandler.process(AbstractProtocol.java:896) ~[tomcat-embed-core-10.1.20.jar!/:na]
	at org.apache.tomcat.util.net.NioEndpoint$SocketProcessor.doRun(NioEndpoint.java:1736) ~[tomcat-embed-core-10.1.20.jar!/:na]
	at org.apache.tomcat.util.net.SocketProcessorBase.run(SocketProcessorBase.java:52) ~[tomcat-embed-core-10.1.20.jar!/:na]
	at org.apache.tomcat.util.threads.ThreadPoolExecutor.runWorker(ThreadPoolExecutor.java:1191) ~[tomcat-embed-core-10.1.20.jar!/:na]
	at org.apache.tomcat.util.threads.ThreadPoolExecutor$Worker.run(ThreadPoolExecutor.java:659) ~[tomcat-embed-core-10.1.20.jar!/:na]
	at org.apache.tomcat.util.threads.TaskThread$WrappingRunnable.run(TaskThread.java:63) ~[tomcat-embed-core-10.1.20.jar!/:na]
	at java.base/java.lang.Thread.run(Thread.java:1583) ~[na:na]

2026-09-20T11:44:57.984+05:30  INFO 18504 --- [auth-service] [trap-executor-0] c.n.d.s.r.aws.ConfigClusterResolver      : Resolving eureka endpoints via configuration
2026-09-20T11:49:58.001+05:30  INFO 18504 --- [auth-service] [trap-executor-0] c.n.d.s.r.aws.ConfigClusterResolver      : Resolving eureka endpoints via configuration
2026-09-20T11:54:58.024+05:30  INFO 18504 --- [auth-service] [trap-executor-0] c.n.d.s.r.aws.ConfigClusterResolver      : Resolving eureka endpoints via configuration
2026-09-20T11:59:58.041+05:30  INFO 18504 --- [auth-service] [trap-executor-0] c.n.d.s.r.aws.ConfigClusterResolver      : Resolving eureka endpoints via configuration
2026-09-20T12:04:58.066+05:30  INFO 18504 --- [auth-service] [trap-executor-0] c.n.d.s.r.aws.ConfigClusterResolver      : Resolving eureka endpoints via configuration
2026-09-20T12:09:58.086+05:30  INFO 18504 --- [auth-service] [trap-executor-0] c.n.d.s.r.aws.ConfigClusterResolver      : Resolving eureka endpoints via configuration
2026-09-20T12:14:58.103+05:30  INFO 18504 --- [auth-service] [trap-executor-0] c.n.d.s.r.aws.ConfigClusterResolver      : Resolving eureka endpoints via configuration
2026-09-20T12:19:58.118+05:30  INFO 18504 --- [auth-service] [trap-executor-0] c.n.d.s.r.aws.ConfigClusterResolver      : Resolving eureka endpoints via configuration
2026-09-20T12:24:58.140+05:30  INFO 18504 --- [auth-service] [trap-executor-0] c.n.d.s.r.aws.ConfigClusterResolver      : Resolving eureka endpoints via configuration
2026-09-20T12:29:58.167+05:30  INFO 18504 --- [auth-service] [trap-executor-0] c.n.d.s.r.aws.ConfigClusterResolver      : Resolving eureka endpoints via configuration
2026-09-20T12:34:58.179+05:30  INFO 18504 --- [auth-service] [trap-executor-0] c.n.d.s.r.aws.ConfigClusterResolver      : Resolving eureka endpoints via configuration
2026-09-20T12:39:58.201+05:30  INFO 18504 --- [auth-service] [trap-executor-0] c.n.d.s.r.aws.ConfigClusterResolver      : Resolving eureka endpoints via configuration
2026-09-20T12:44:58.216+05:30  INFO 18504 --- [auth-service] [trap-executor-0] c.n.d.s.r.aws.ConfigClusterResolver      : Resolving eureka endpoints via configuration
2026-09-20T12:49:58.239+05:30  INFO 18504 --- [auth-service] [trap-executor-0] c.n.d.s.r.aws.ConfigClusterResolver      : Resolving eureka endpoints via configuration
2026-09-20T12:54:58.279+05:30  INFO 18504 --- [auth-service] [trap-executor-0] c.n.d.s.r.aws.ConfigClusterResolver      : Resolving eureka endpoints via configuration
2026-09-20T12:59:58.324+05:30  INFO 18504 --- [auth-service] [trap-executor-0] c.n.d.s.r.aws.ConfigClusterResolver      : Resolving eureka endpoints via configuration
