
  .   ____          _            __ _ _
 /\\ / ___'_ __ _ _(_)_ __  __ _ \ \ \ \
( ( )\___ | '_ | '_| | '_ \/ _` | \ \ \ \
 \\/  ___)| |_)| | | | | || (_| |  ) ) ) )
  '  |____| .__|_| |_|_| |_\__, | / / / /
 =========|_|==============|___/=/_/_/_/
 :: Spring Boot ::                (v3.2.5)

2026-09-20T10:24:50.041+05:30  INFO 20084 --- [book-service] [           main] c.b.book.BookServiceApplication          : Starting BookServiceApplication v1.0.0 using Java 21.0.9 with PID 20084 (C:\Users\venka\Downloads\backend SOA project Zips\book-service\target\book-service-1.0.0.jar started by venka in C:\Users\venka\Downloads\backend SOA project Zips\book-service)
2026-09-20T10:24:50.075+05:30  INFO 20084 --- [book-service] [           main] c.b.book.BookServiceApplication          : No active profile set, falling back to 1 default profile: "default"
2026-09-20T10:25:02.726+05:30  INFO 20084 --- [book-service] [           main] .s.d.r.c.RepositoryConfigurationDelegate : Bootstrapping Spring Data JPA repositories in DEFAULT mode.
2026-09-20T10:25:04.890+05:30  INFO 20084 --- [book-service] [           main] .s.d.r.c.RepositoryConfigurationDelegate : Finished Spring Data repository scanning in 2114 ms. Found 2 JPA repository interfaces.
2026-09-20T10:25:09.407+05:30  INFO 20084 --- [book-service] [           main] o.s.cloud.context.scope.GenericScope     : BeanFactory id=ba22390e-d85e-3f8c-a489-a074660c868b
2026-09-20T10:25:22.021+05:30  WARN 20084 --- [book-service] [           main] trationDelegate$BeanPostProcessorChecker : Bean 'org.springframework.cloud.client.loadbalancer.LoadBalancerAutoConfiguration$DeferringLoadBalancerInterceptorConfig' of type [org.springframework.cloud.client.loadbalancer.LoadBalancerAutoConfiguration$DeferringLoadBalancerInterceptorConfig] is not eligible for getting processed by all BeanPostProcessors (for example: not eligible for auto-proxying). The currently created BeanPostProcessor [lbRestClientPostProcessor] is declared through a non-static factory method on that class; consider declaring it as static instead.
2026-09-20T10:25:22.051+05:30  WARN 20084 --- [book-service] [           main] trationDelegate$BeanPostProcessorChecker : Bean 'deferringLoadBalancerInterceptor' of type [org.springframework.cloud.client.loadbalancer.DeferringLoadBalancerInterceptor] is not eligible for getting processed by all BeanPostProcessors (for example: not eligible for auto-proxying). Is this bean getting eagerly injected into a currently created BeanPostProcessor [lbRestClientPostProcessor]? Check the corresponding BeanPostProcessor declaration and its dependencies.
2026-09-20T10:25:30.297+05:30  INFO 20084 --- [book-service] [           main] o.s.b.w.embedded.tomcat.TomcatWebServer  : Tomcat initialized with port 8081 (http)
2026-09-20T10:25:30.510+05:30  INFO 20084 --- [book-service] [           main] o.apache.catalina.core.StandardService   : Starting service [Tomcat]
2026-09-20T10:25:30.511+05:30  INFO 20084 --- [book-service] [           main] o.apache.catalina.core.StandardEngine    : Starting Servlet engine: [Apache Tomcat/10.1.20]
2026-09-20T10:25:31.012+05:30  INFO 20084 --- [book-service] [           main] o.a.c.c.C.[Tomcat].[localhost].[/]       : Initializing Spring embedded WebApplicationContext
2026-09-20T10:25:31.025+05:30  INFO 20084 --- [book-service] [           main] w.s.c.ServletWebServerApplicationContext : Root WebApplicationContext: initialization completed in 40156 ms
2026-09-20T10:25:40.830+05:30  INFO 20084 --- [book-service] [           main] o.hibernate.jpa.internal.util.LogHelper  : HHH000204: Processing PersistenceUnitInfo [name: default]
2026-09-20T10:25:41.539+05:30  INFO 20084 --- [book-service] [           main] org.hibernate.Version                    : HHH000412: Hibernate ORM core version 6.4.4.Final
2026-09-20T10:25:41.801+05:30  INFO 20084 --- [book-service] [           main] o.h.c.internal.RegionFactoryInitiator    : HHH000026: Second-level cache disabled
2026-09-20T10:25:44.344+05:30  INFO 20084 --- [book-service] [           main] o.s.o.j.p.SpringPersistenceUnitInfo      : No LoadTimeWeaver setup: ignoring JPA class transformer
2026-09-20T10:25:44.514+05:30  INFO 20084 --- [book-service] [           main] com.zaxxer.hikari.HikariDataSource       : HikariPool-1 - Starting...
2026-09-20T10:25:46.247+05:30  INFO 20084 --- [book-service] [           main] com.zaxxer.hikari.pool.HikariPool        : HikariPool-1 - Added connection org.postgresql.jdbc.PgConnection@15f11bfb
2026-09-20T10:25:46.258+05:30  INFO 20084 --- [book-service] [           main] com.zaxxer.hikari.HikariDataSource       : HikariPool-1 - Start completed.
2026-09-20T10:25:46.496+05:30  WARN 20084 --- [book-service] [           main] org.hibernate.orm.deprecation            : HHH90000025: PostgreSQLDialect does not need to be specified explicitly using 'hibernate.dialect' (remove the property setting and it will be selected by default)
2026-09-20T10:25:58.659+05:30  INFO 20084 --- [book-service] [           main] o.h.e.t.j.p.i.JtaPlatformInitiator       : HHH000489: No JTA platform available (set 'hibernate.transaction.jta.platform' to enable JTA platform integration)
2026-09-20T10:25:59.444+05:30  INFO 20084 --- [book-service] [           main] j.LocalContainerEntityManagerFactoryBean : Initialized JPA EntityManagerFactory for persistence unit 'default'
2026-09-20T10:26:11.643+05:30  INFO 20084 --- [book-service] [           main] o.s.d.j.r.query.QueryEnhancerFactory     : Hibernate is in classpath; If applicable, HQL parser will be used.
2026-09-20T10:26:25.451+05:30  WARN 20084 --- [book-service] [           main] JpaBaseConfiguration$JpaWebConfiguration : spring.jpa.open-in-view is enabled by default. Therefore, database queries may be performed during view rendering. Explicitly configure spring.jpa.open-in-view to disable this warning
2026-09-20T10:26:35.183+05:30  INFO 20084 --- [book-service] [           main] DiscoveryClientOptionalArgsConfiguration : Eureka HTTP Client uses RestTemplate.
2026-09-20T10:26:35.881+05:30  WARN 20084 --- [book-service] [           main] iguration$LoadBalancerCaffeineWarnLogger : Spring Cloud LoadBalancer is currently working with the default cache. While this cache implementation is useful for development and tests, it's recommended to use Caffeine cache in production.You can switch to using Caffeine cache, by adding it and org.springframework.cache.caffeine.CaffeineCacheManager to the classpath.
2026-09-20T10:26:35.944+05:30  INFO 20084 --- [book-service] [           main] o.s.b.a.e.web.EndpointLinksResolver      : Exposing 2 endpoint(s) beneath base path '/actuator'
2026-09-20T10:26:36.449+05:30  INFO 20084 --- [book-service] [           main] o.s.c.n.eureka.InstanceInfoFactory       : Setting initial instance status as: STARTING
2026-09-20T10:26:37.551+05:30  INFO 20084 --- [book-service] [           main] com.netflix.discovery.DiscoveryClient    : Initializing Eureka in region us-east-1
2026-09-20T10:26:37.588+05:30  INFO 20084 --- [book-service] [           main] c.n.d.s.r.aws.ConfigClusterResolver      : Resolving eureka endpoints via configuration
2026-09-20T10:26:37.770+05:30  INFO 20084 --- [book-service] [           main] com.netflix.discovery.DiscoveryClient    : Disable delta property : false
2026-09-20T10:26:37.778+05:30  INFO 20084 --- [book-service] [           main] com.netflix.discovery.DiscoveryClient    : Single vip registry refresh property : null
2026-09-20T10:26:37.783+05:30  INFO 20084 --- [book-service] [           main] com.netflix.discovery.DiscoveryClient    : Force full registry fetch : false
2026-09-20T10:26:37.784+05:30  INFO 20084 --- [book-service] [           main] com.netflix.discovery.DiscoveryClient    : Application is null : false
2026-09-20T10:26:37.789+05:30  INFO 20084 --- [book-service] [           main] com.netflix.discovery.DiscoveryClient    : Registered Applications size is zero : true
2026-09-20T10:26:37.791+05:30  INFO 20084 --- [book-service] [           main] com.netflix.discovery.DiscoveryClient    : Application version is -1: true
2026-09-20T10:26:37.794+05:30  INFO 20084 --- [book-service] [           main] com.netflix.discovery.DiscoveryClient    : Getting all instance registry info from the eureka server
2026-09-20T10:26:40.148+05:30  INFO 20084 --- [book-service] [           main] com.netflix.discovery.DiscoveryClient    : The response status is 200
2026-09-20T10:26:40.163+05:30  INFO 20084 --- [book-service] [           main] com.netflix.discovery.DiscoveryClient    : Starting heartbeat executor: renew interval is: 30
2026-09-20T10:26:40.180+05:30  INFO 20084 --- [book-service] [           main] c.n.discovery.InstanceInfoReplicator     : InstanceInfoReplicator onDemand update allowed rate per min is 4
2026-09-20T10:26:40.208+05:30  INFO 20084 --- [book-service] [           main] com.netflix.discovery.DiscoveryClient    : Discovery Client initialized at timestamp 1789880200205 with initial instances count: 1
2026-09-20T10:26:40.262+05:30  INFO 20084 --- [book-service] [           main] o.s.c.n.e.s.EurekaServiceRegistry        : Registering application BOOK-SERVICE with eureka with status UP
2026-09-20T10:26:40.264+05:30  INFO 20084 --- [book-service] [           main] com.netflix.discovery.DiscoveryClient    : Saw local status change event StatusChangeEvent [timestamp=1789880200264, current=UP, previous=STARTING]
2026-09-20T10:26:40.296+05:30  INFO 20084 --- [book-service] [nfoReplicator-0] com.netflix.discovery.DiscoveryClient    : DiscoveryClient_BOOK-SERVICE/host.docker.internal:book-service:8081: registering service...
2026-09-20T10:26:40.363+05:30  INFO 20084 --- [book-service] [           main] o.s.b.w.embedded.tomcat.TomcatWebServer  : Tomcat started on port 8081 (http) with context path ''
2026-09-20T10:26:40.365+05:30  INFO 20084 --- [book-service] [           main] .s.c.n.e.s.EurekaAutoServiceRegistration : Updating port to 8081
2026-09-20T10:26:40.460+05:30  INFO 20084 --- [book-service] [           main] c.b.book.BookServiceApplication          : Started BookServiceApplication in 115.518 seconds (process running for 122.207)
2026-09-20T10:26:40.538+05:30  INFO 20084 --- [book-service] [nfoReplicator-0] com.netflix.discovery.DiscoveryClient    : DiscoveryClient_BOOK-SERVICE/host.docker.internal:book-service:8081 - registration status: 204
2026-09-20T10:27:23.082+05:30  INFO 20084 --- [book-service] [nio-8081-exec-3] o.a.c.c.C.[Tomcat].[localhost].[/]       : Initializing Spring DispatcherServlet 'dispatcherServlet'
2026-09-20T10:27:23.093+05:30  INFO 20084 --- [book-service] [nio-8081-exec-3] o.s.web.servlet.DispatcherServlet        : Initializing Servlet 'dispatcherServlet'
2026-09-20T10:27:23.118+05:30  INFO 20084 --- [book-service] [nio-8081-exec-3] o.s.web.servlet.DispatcherServlet        : Completed initialization in 23 ms
2026-09-20T10:31:37.830+05:30  INFO 20084 --- [book-service] [trap-executor-0] c.n.d.s.r.aws.ConfigClusterResolver      : Resolving eureka endpoints via configuration
2026-09-20T10:36:37.851+05:30  INFO 20084 --- [book-service] [trap-executor-0] c.n.d.s.r.aws.ConfigClusterResolver      : Resolving eureka endpoints via configuration
2026-09-20T10:41:37.886+05:30  INFO 20084 --- [book-service] [trap-executor-0] c.n.d.s.r.aws.ConfigClusterResolver      : Resolving eureka endpoints via configuration
2026-09-20T11:08:14.879+05:30  WARN 20084 --- [book-service] [l-1 housekeeper] com.zaxxer.hikari.pool.HikariPool        : HikariPool-1 - Thread starvation or clock leap detected (housekeeper delta=24m3s791ms952µs600ns).
2026-09-20T11:10:05.814+05:30  INFO 20084 --- [book-service] [trap-executor-0] c.n.d.s.r.aws.ConfigClusterResolver      : Resolving eureka endpoints via configuration
2026-09-20T11:15:05.832+05:30  INFO 20084 --- [book-service] [trap-executor-0] c.n.d.s.r.aws.ConfigClusterResolver      : Resolving eureka endpoints via configuration
2026-09-20T11:20:05.858+05:30  INFO 20084 --- [book-service] [trap-executor-0] c.n.d.s.r.aws.ConfigClusterResolver      : Resolving eureka endpoints via configuration
2026-09-20T11:25:05.888+05:30  INFO 20084 --- [book-service] [trap-executor-0] c.n.d.s.r.aws.ConfigClusterResolver      : Resolving eureka endpoints via configuration
2026-09-20T11:30:05.916+05:30  INFO 20084 --- [book-service] [trap-executor-0] c.n.d.s.r.aws.ConfigClusterResolver      : Resolving eureka endpoints via configuration
2026-09-20T11:35:05.931+05:30  INFO 20084 --- [book-service] [trap-executor-0] c.n.d.s.r.aws.ConfigClusterResolver      : Resolving eureka endpoints via configuration
2026-09-20T11:40:05.950+05:30  INFO 20084 --- [book-service] [trap-executor-0] c.n.d.s.r.aws.ConfigClusterResolver      : Resolving eureka endpoints via configuration
2026-09-20T11:42:52.698+05:30  INFO 20084 --- [book-service] [nio-8081-exec-8] o.apache.coyote.http11.Http11Processor   : Error parsing HTTP request header
 Note: further occurrences of HTTP request parsing errors will be logged at DEBUG level.

java.lang.IllegalArgumentException: Invalid character found in method name [0x160x030x010x07H0x010x000x07D0x030x030xd50x98e<0xaf0xcc0x0b0xa90x160x1a0xb00xc6.0xff0xa20x8a0xc90xa90xbb0xc30x19(0xa4%0xdb.~r20xf8M0x1d ]. HTTP method names must be tokens
	at org.apache.coyote.http11.Http11InputBuffer.parseRequestLine(Http11InputBuffer.java:407) ~[tomcat-embed-core-10.1.20.jar!/:na]
	at org.apache.coyote.http11.Http11Processor.service(Http11Processor.java:264) ~[tomcat-embed-core-10.1.20.jar!/:na]
	at org.apache.coyote.AbstractProcessorLight.process(AbstractProcessorLight.java:63) ~[tomcat-embed-core-10.1.20.jar!/:na]
	at org.apache.coyote.AbstractProtocol$ConnectionHandler.process(AbstractProtocol.java:896) ~[tomcat-embed-core-10.1.20.jar!/:na]
	at org.apache.tomcat.util.net.NioEndpoint$SocketProcessor.doRun(NioEndpoint.java:1736) ~[tomcat-embed-core-10.1.20.jar!/:na]
	at org.apache.tomcat.util.net.SocketProcessorBase.run(SocketProcessorBase.java:52) ~[tomcat-embed-core-10.1.20.jar!/:na]
	at org.apache.tomcat.util.threads.ThreadPoolExecutor.runWorker(ThreadPoolExecutor.java:1191) ~[tomcat-embed-core-10.1.20.jar!/:na]
	at org.apache.tomcat.util.threads.ThreadPoolExecutor$Worker.run(ThreadPoolExecutor.java:659) ~[tomcat-embed-core-10.1.20.jar!/:na]
	at org.apache.tomcat.util.threads.TaskThread$WrappingRunnable.run(TaskThread.java:63) ~[tomcat-embed-core-10.1.20.jar!/:na]
	at java.base/java.lang.Thread.run(Thread.java:1583) ~[na:na]

2026-09-20T11:45:05.969+05:30  INFO 20084 --- [book-service] [trap-executor-0] c.n.d.s.r.aws.ConfigClusterResolver      : Resolving eureka endpoints via configuration
2026-09-20T11:50:05.997+05:30  INFO 20084 --- [book-service] [trap-executor-0] c.n.d.s.r.aws.ConfigClusterResolver      : Resolving eureka endpoints via configuration
2026-09-20T11:55:06.022+05:30  INFO 20084 --- [book-service] [trap-executor-0] c.n.d.s.r.aws.ConfigClusterResolver      : Resolving eureka endpoints via configuration
2026-09-20T12:00:06.044+05:30  INFO 20084 --- [book-service] [trap-executor-0] c.n.d.s.r.aws.ConfigClusterResolver      : Resolving eureka endpoints via configuration
2026-09-20T12:05:06.063+05:30  INFO 20084 --- [book-service] [trap-executor-0] c.n.d.s.r.aws.ConfigClusterResolver      : Resolving eureka endpoints via configuration
2026-09-20T12:10:06.077+05:30  INFO 20084 --- [book-service] [trap-executor-0] c.n.d.s.r.aws.ConfigClusterResolver      : Resolving eureka endpoints via configuration
2026-09-20T12:15:06.100+05:30  INFO 20084 --- [book-service] [trap-executor-0] c.n.d.s.r.aws.ConfigClusterResolver      : Resolving eureka endpoints via configuration
2026-09-20T12:20:06.131+05:30  INFO 20084 --- [book-service] [trap-executor-0] c.n.d.s.r.aws.ConfigClusterResolver      : Resolving eureka endpoints via configuration
2026-09-20T12:25:06.167+05:30  INFO 20084 --- [book-service] [trap-executor-0] c.n.d.s.r.aws.ConfigClusterResolver      : Resolving eureka endpoints via configuration
2026-09-20T12:30:06.177+05:30  INFO 20084 --- [book-service] [trap-executor-0] c.n.d.s.r.aws.ConfigClusterResolver      : Resolving eureka endpoints via configuration
2026-09-20T12:35:06.185+05:30  INFO 20084 --- [book-service] [trap-executor-0] c.n.d.s.r.aws.ConfigClusterResolver      : Resolving eureka endpoints via configuration
2026-09-20T12:40:06.213+05:30  INFO 20084 --- [book-service] [trap-executor-0] c.n.d.s.r.aws.ConfigClusterResolver      : Resolving eureka endpoints via configuration
2026-09-20T12:45:06.243+05:30  INFO 20084 --- [book-service] [trap-executor-0] c.n.d.s.r.aws.ConfigClusterResolver      : Resolving eureka endpoints via configuration
2026-09-20T12:50:06.267+05:30  INFO 20084 --- [book-service] [trap-executor-0] c.n.d.s.r.aws.ConfigClusterResolver      : Resolving eureka endpoints via configuration
2026-09-20T12:55:06.288+05:30  INFO 20084 --- [book-service] [trap-executor-0] c.n.d.s.r.aws.ConfigClusterResolver      : Resolving eureka endpoints via configuration
2026-09-20T13:00:06.323+05:30  INFO 20084 --- [book-service] [trap-executor-0] c.n.d.s.r.aws.ConfigClusterResolver      : Resolving eureka endpoints via configuration
