
  .   ____          _            __ _ _
 /\\ / ___'_ __ _ _(_)_ __  __ _ \ \ \ \
( ( )\___ | '_ | '_| | '_ \/ _` | \ \ \ \
 \\/  ___)| |_)| | | | | || (_| |  ) ) ) )
  '  |____| .__|_| |_|_| |_\__, | / / / /
 =========|_|==============|___/=/_/_/_/
 :: Spring Boot ::                (v3.2.5)

2026-09-20T10:24:50.092+05:30  INFO 15276 --- [fine-service] [           main] c.b.fine.FineServiceApplication          : Starting FineServiceApplication v1.0.0 using Java 21.0.9 with PID 15276 (C:\Users\venka\Downloads\backend SOA project Zips\fine-service\target\fine-service-1.0.0.jar started by venka in C:\Users\venka\Downloads\backend SOA project Zips\fine-service)
2026-09-20T10:24:50.125+05:30  INFO 15276 --- [fine-service] [           main] c.b.fine.FineServiceApplication          : No active profile set, falling back to 1 default profile: "default"
2026-09-20T10:25:01.563+05:30  INFO 15276 --- [fine-service] [           main] .s.d.r.c.RepositoryConfigurationDelegate : Bootstrapping Spring Data JPA repositories in DEFAULT mode.
2026-09-20T10:25:03.679+05:30  INFO 15276 --- [fine-service] [           main] .s.d.r.c.RepositoryConfigurationDelegate : Finished Spring Data repository scanning in 2065 ms. Found 1 JPA repository interface.
2026-09-20T10:25:07.375+05:30  INFO 15276 --- [fine-service] [           main] o.s.cloud.context.scope.GenericScope     : BeanFactory id=ff840691-9b28-3674-9f3a-3249e3ebec98
2026-09-20T10:25:19.296+05:30  WARN 15276 --- [fine-service] [           main] trationDelegate$BeanPostProcessorChecker : Bean 'org.springframework.cloud.client.loadbalancer.LoadBalancerAutoConfiguration$DeferringLoadBalancerInterceptorConfig' of type [org.springframework.cloud.client.loadbalancer.LoadBalancerAutoConfiguration$DeferringLoadBalancerInterceptorConfig] is not eligible for getting processed by all BeanPostProcessors (for example: not eligible for auto-proxying). The currently created BeanPostProcessor [lbRestClientPostProcessor] is declared through a non-static factory method on that class; consider declaring it as static instead.
2026-09-20T10:25:19.339+05:30  WARN 15276 --- [fine-service] [           main] trationDelegate$BeanPostProcessorChecker : Bean 'deferringLoadBalancerInterceptor' of type [org.springframework.cloud.client.loadbalancer.DeferringLoadBalancerInterceptor] is not eligible for getting processed by all BeanPostProcessors (for example: not eligible for auto-proxying). Is this bean getting eagerly injected into a currently created BeanPostProcessor [lbRestClientPostProcessor]? Check the corresponding BeanPostProcessor declaration and its dependencies.
2026-09-20T10:25:29.175+05:30  INFO 15276 --- [fine-service] [           main] o.s.b.w.embedded.tomcat.TomcatWebServer  : Tomcat initialized with port 8083 (http)
2026-09-20T10:25:29.272+05:30  INFO 15276 --- [fine-service] [           main] o.apache.catalina.core.StandardService   : Starting service [Tomcat]
2026-09-20T10:25:29.274+05:30  INFO 15276 --- [fine-service] [           main] o.apache.catalina.core.StandardEngine    : Starting Servlet engine: [Apache Tomcat/10.1.20]
2026-09-20T10:25:29.747+05:30  INFO 15276 --- [fine-service] [           main] o.a.c.c.C.[Tomcat].[localhost].[/]       : Initializing Spring embedded WebApplicationContext
2026-09-20T10:25:29.757+05:30  INFO 15276 --- [fine-service] [           main] w.s.c.ServletWebServerApplicationContext : Root WebApplicationContext: initialization completed in 38908 ms
2026-09-20T10:25:42.163+05:30  INFO 15276 --- [fine-service] [           main] o.hibernate.jpa.internal.util.LogHelper  : HHH000204: Processing PersistenceUnitInfo [name: default]
2026-09-20T10:25:43.207+05:30  INFO 15276 --- [fine-service] [           main] org.hibernate.Version                    : HHH000412: Hibernate ORM core version 6.4.4.Final
2026-09-20T10:25:43.495+05:30  INFO 15276 --- [fine-service] [           main] o.h.c.internal.RegionFactoryInitiator    : HHH000026: Second-level cache disabled
2026-09-20T10:25:45.226+05:30  INFO 15276 --- [fine-service] [           main] o.s.o.j.p.SpringPersistenceUnitInfo      : No LoadTimeWeaver setup: ignoring JPA class transformer
2026-09-20T10:25:45.824+05:30  INFO 15276 --- [fine-service] [           main] com.zaxxer.hikari.HikariDataSource       : HikariPool-1 - Starting...
2026-09-20T10:25:48.270+05:30  INFO 15276 --- [fine-service] [           main] com.zaxxer.hikari.pool.HikariPool        : HikariPool-1 - Added connection conn0: url=jdbc:h2:mem:fine_db user=SA
2026-09-20T10:25:48.292+05:30  INFO 15276 --- [fine-service] [           main] com.zaxxer.hikari.HikariDataSource       : HikariPool-1 - Start completed.
2026-09-20T10:26:01.488+05:30  INFO 15276 --- [fine-service] [           main] o.h.e.t.j.p.i.JtaPlatformInitiator       : HHH000489: No JTA platform available (set 'hibernate.transaction.jta.platform' to enable JTA platform integration)
2026-09-20T10:26:02.822+05:30  INFO 15276 --- [fine-service] [           main] j.LocalContainerEntityManagerFactoryBean : Initialized JPA EntityManagerFactory for persistence unit 'default'
2026-09-20T10:26:32.360+05:30  INFO 15276 --- [fine-service] [           main] DiscoveryClientOptionalArgsConfiguration : Eureka HTTP Client uses RestTemplate.
2026-09-20T10:26:33.050+05:30  WARN 15276 --- [fine-service] [           main] iguration$LoadBalancerCaffeineWarnLogger : Spring Cloud LoadBalancer is currently working with the default cache. While this cache implementation is useful for development and tests, it's recommended to use Caffeine cache in production.You can switch to using Caffeine cache, by adding it and org.springframework.cache.caffeine.CaffeineCacheManager to the classpath.
2026-09-20T10:26:33.109+05:30  INFO 15276 --- [fine-service] [           main] o.s.b.a.e.web.EndpointLinksResolver      : Exposing 2 endpoint(s) beneath base path '/actuator'
2026-09-20T10:26:33.848+05:30  INFO 15276 --- [fine-service] [           main] o.s.c.n.eureka.InstanceInfoFactory       : Setting initial instance status as: STARTING
2026-09-20T10:26:34.728+05:30  INFO 15276 --- [fine-service] [           main] com.netflix.discovery.DiscoveryClient    : Initializing Eureka in region us-east-1
2026-09-20T10:26:34.750+05:30  INFO 15276 --- [fine-service] [           main] c.n.d.s.r.aws.ConfigClusterResolver      : Resolving eureka endpoints via configuration
2026-09-20T10:26:34.963+05:30  INFO 15276 --- [fine-service] [           main] com.netflix.discovery.DiscoveryClient    : Disable delta property : false
2026-09-20T10:26:34.963+05:30  INFO 15276 --- [fine-service] [           main] com.netflix.discovery.DiscoveryClient    : Single vip registry refresh property : null
2026-09-20T10:26:34.963+05:30  INFO 15276 --- [fine-service] [           main] com.netflix.discovery.DiscoveryClient    : Force full registry fetch : false
2026-09-20T10:26:34.964+05:30  INFO 15276 --- [fine-service] [           main] com.netflix.discovery.DiscoveryClient    : Application is null : false
2026-09-20T10:26:34.964+05:30  INFO 15276 --- [fine-service] [           main] com.netflix.discovery.DiscoveryClient    : Registered Applications size is zero : true
2026-09-20T10:26:34.965+05:30  INFO 15276 --- [fine-service] [           main] com.netflix.discovery.DiscoveryClient    : Application version is -1: true
2026-09-20T10:26:34.965+05:30  INFO 15276 --- [fine-service] [           main] com.netflix.discovery.DiscoveryClient    : Getting all instance registry info from the eureka server
2026-09-20T10:26:38.284+05:30  INFO 15276 --- [fine-service] [           main] com.netflix.discovery.DiscoveryClient    : The response status is 200
2026-09-20T10:26:38.346+05:30  INFO 15276 --- [fine-service] [           main] com.netflix.discovery.DiscoveryClient    : Starting heartbeat executor: renew interval is: 30
2026-09-20T10:26:38.361+05:30  INFO 15276 --- [fine-service] [           main] c.n.discovery.InstanceInfoReplicator     : InstanceInfoReplicator onDemand update allowed rate per min is 4
2026-09-20T10:26:38.381+05:30  INFO 15276 --- [fine-service] [           main] com.netflix.discovery.DiscoveryClient    : Discovery Client initialized at timestamp 1789880198380 with initial instances count: 1
2026-09-20T10:26:38.414+05:30  INFO 15276 --- [fine-service] [           main] o.s.c.n.e.s.EurekaServiceRegistry        : Registering application FINE-SERVICE with eureka with status UP
2026-09-20T10:26:38.417+05:30  INFO 15276 --- [fine-service] [           main] com.netflix.discovery.DiscoveryClient    : Saw local status change event StatusChangeEvent [timestamp=1789880198417, current=UP, previous=STARTING]
2026-09-20T10:26:38.455+05:30  INFO 15276 --- [fine-service] [nfoReplicator-0] com.netflix.discovery.DiscoveryClient    : DiscoveryClient_FINE-SERVICE/host.docker.internal:fine-service:8083: registering service...
2026-09-20T10:26:38.531+05:30  INFO 15276 --- [fine-service] [           main] o.s.b.w.embedded.tomcat.TomcatWebServer  : Tomcat started on port 8083 (http) with context path ''
2026-09-20T10:26:38.533+05:30  INFO 15276 --- [fine-service] [           main] .s.c.n.e.s.EurekaAutoServiceRegistration : Updating port to 8083
2026-09-20T10:26:38.625+05:30  INFO 15276 --- [fine-service] [           main] c.b.fine.FineServiceApplication          : Started FineServiceApplication in 113.882 seconds (process running for 120.337)
2026-09-20T10:26:38.691+05:30  INFO 15276 --- [fine-service] [nfoReplicator-0] com.netflix.discovery.DiscoveryClient    : DiscoveryClient_FINE-SERVICE/host.docker.internal:fine-service:8083 - registration status: 204
2026-09-20T10:26:39.064+05:30  INFO 15276 --- [fine-service] [nio-8083-exec-1] o.a.c.c.C.[Tomcat].[localhost].[/]       : Initializing Spring DispatcherServlet 'dispatcherServlet'
2026-09-20T10:26:39.065+05:30  INFO 15276 --- [fine-service] [nio-8083-exec-1] o.s.web.servlet.DispatcherServlet        : Initializing Servlet 'dispatcherServlet'
2026-09-20T10:26:39.068+05:30  INFO 15276 --- [fine-service] [nio-8083-exec-1] o.s.web.servlet.DispatcherServlet        : Completed initialization in 2 ms
