
  .   ____          _            __ _ _
 /\\ / ___'_ __ _ _(_)_ __  __ _ \ \ \ \
( ( )\___ | '_ | '_| | '_ \/ _` | \ \ \ \
 \\/  ___)| |_)| | | | | || (_| |  ) ) ) )
  '  |____| .__|_| |_|_| |_\__, | / / / /
 =========|_|==============|___/=/_/_/_/
 :: Spring Boot ::                (v3.2.5)

2026-09-20T10:24:48.858+05:30  INFO 12452 --- [rental-service] [           main] c.b.rental.RentalServiceApplication      : Starting RentalServiceApplication v1.0.0 using Java 21.0.9 with PID 12452 (C:\Users\venka\Downloads\backend SOA project Zips\rental-service\target\rental-service-1.0.0.jar started by venka in C:\Users\venka\Downloads\backend SOA project Zips\rental-service)
2026-09-20T10:24:48.944+05:30  INFO 12452 --- [rental-service] [           main] c.b.rental.RentalServiceApplication      : No active profile set, falling back to 1 default profile: "default"
2026-09-20T10:25:03.010+05:30  INFO 12452 --- [rental-service] [           main] .s.d.r.c.RepositoryConfigurationDelegate : Bootstrapping Spring Data JPA repositories in DEFAULT mode.
2026-09-20T10:25:05.579+05:30  INFO 12452 --- [rental-service] [           main] .s.d.r.c.RepositoryConfigurationDelegate : Finished Spring Data repository scanning in 2448 ms. Found 3 JPA repository interfaces.
2026-09-20T10:25:17.204+05:30  INFO 12452 --- [rental-service] [           main] o.s.cloud.context.scope.GenericScope     : BeanFactory id=6eef27cf-6511-310f-8083-e3c23f1abaeb
2026-09-20T10:25:28.480+05:30  WARN 12452 --- [rental-service] [           main] trationDelegate$BeanPostProcessorChecker : Bean 'org.springframework.cloud.client.loadbalancer.LoadBalancerAutoConfiguration$DeferringLoadBalancerInterceptorConfig' of type [org.springframework.cloud.client.loadbalancer.LoadBalancerAutoConfiguration$DeferringLoadBalancerInterceptorConfig] is not eligible for getting processed by all BeanPostProcessors (for example: not eligible for auto-proxying). The currently created BeanPostProcessor [lbRestClientPostProcessor] is declared through a non-static factory method on that class; consider declaring it as static instead.
2026-09-20T10:25:28.576+05:30  WARN 12452 --- [rental-service] [           main] trationDelegate$BeanPostProcessorChecker : Bean 'deferringLoadBalancerInterceptor' of type [org.springframework.cloud.client.loadbalancer.DeferringLoadBalancerInterceptor] is not eligible for getting processed by all BeanPostProcessors (for example: not eligible for auto-proxying). Is this bean getting eagerly injected into a currently created BeanPostProcessor [lbRestClientPostProcessor]? Check the corresponding BeanPostProcessor declaration and its dependencies.
2026-09-20T10:25:35.791+05:30  INFO 12452 --- [rental-service] [           main] o.s.b.w.embedded.tomcat.TomcatWebServer  : Tomcat initialized with port 8082 (http)
2026-09-20T10:25:35.854+05:30  INFO 12452 --- [rental-service] [           main] o.apache.catalina.core.StandardService   : Starting service [Tomcat]
2026-09-20T10:25:35.858+05:30  INFO 12452 --- [rental-service] [           main] o.apache.catalina.core.StandardEngine    : Starting Servlet engine: [Apache Tomcat/10.1.20]
2026-09-20T10:25:36.129+05:30  INFO 12452 --- [rental-service] [           main] o.a.c.c.C.[Tomcat].[localhost].[/]       : Initializing Spring embedded WebApplicationContext
2026-09-20T10:25:36.139+05:30  INFO 12452 --- [rental-service] [           main] w.s.c.ServletWebServerApplicationContext : Root WebApplicationContext: initialization completed in 45948 ms
2026-09-20T10:25:43.444+05:30  INFO 12452 --- [rental-service] [           main] o.hibernate.jpa.internal.util.LogHelper  : HHH000204: Processing PersistenceUnitInfo [name: default]
2026-09-20T10:25:43.915+05:30  INFO 12452 --- [rental-service] [           main] org.hibernate.Version                    : HHH000412: Hibernate ORM core version 6.4.4.Final
2026-09-20T10:25:44.206+05:30  INFO 12452 --- [rental-service] [           main] o.h.c.internal.RegionFactoryInitiator    : HHH000026: Second-level cache disabled
2026-09-20T10:25:46.514+05:30  INFO 12452 --- [rental-service] [           main] o.s.o.j.p.SpringPersistenceUnitInfo      : No LoadTimeWeaver setup: ignoring JPA class transformer
2026-09-20T10:25:46.712+05:30  INFO 12452 --- [rental-service] [           main] com.zaxxer.hikari.HikariDataSource       : HikariPool-1 - Starting...
2026-09-20T10:25:48.708+05:30  INFO 12452 --- [rental-service] [           main] com.zaxxer.hikari.pool.HikariPool        : HikariPool-1 - Added connection conn0: url=jdbc:h2:mem:rental_db user=SA
2026-09-20T10:25:48.714+05:30  INFO 12452 --- [rental-service] [           main] com.zaxxer.hikari.HikariDataSource       : HikariPool-1 - Start completed.
2026-09-20T10:25:48.995+05:30  WARN 12452 --- [rental-service] [           main] org.hibernate.dialect.Dialect            : HHH000511: The 2.2.0 version for [org.hibernate.dialect.MySQLDialect] is no longer supported, hence certain features may not work properly. The minimum supported version is 8.0.0. Check the community dialects project for available legacy versions.
2026-09-20T10:25:49.014+05:30  WARN 12452 --- [rental-service] [           main] org.hibernate.orm.deprecation            : HHH90000025: MySQLDialect does not need to be specified explicitly using 'hibernate.dialect' (remove the property setting and it will be selected by default)
2026-09-20T10:26:02.862+05:30  INFO 12452 --- [rental-service] [           main] o.h.e.t.j.p.i.JtaPlatformInitiator       : HHH000489: No JTA platform available (set 'hibernate.transaction.jta.platform' to enable JTA platform integration)
2026-09-20T10:26:06.225+05:30  INFO 12452 --- [rental-service] [           main] j.LocalContainerEntityManagerFactoryBean : Initialized JPA EntityManagerFactory for persistence unit 'default'
2026-09-20T10:26:23.465+05:30  WARN 12452 --- [rental-service] [           main] JpaBaseConfiguration$JpaWebConfiguration : spring.jpa.open-in-view is enabled by default. Therefore, database queries may be performed during view rendering. Explicitly configure spring.jpa.open-in-view to disable this warning
2026-09-20T10:26:27.559+05:30  INFO 12452 --- [rental-service] [           main] o.s.c.openfeign.FeignClientFactoryBean   : For 'book-service' URL not provided. Will try picking an instance via load-balancing.
2026-09-20T10:26:28.943+05:30  INFO 12452 --- [rental-service] [           main] o.s.c.openfeign.FeignClientFactoryBean   : For 'fine-service' URL not provided. Will try picking an instance via load-balancing.
2026-09-20T10:26:39.933+05:30  INFO 12452 --- [rental-service] [           main] DiscoveryClientOptionalArgsConfiguration : Eureka HTTP Client uses RestTemplate.
2026-09-20T10:26:40.434+05:30  WARN 12452 --- [rental-service] [           main] iguration$LoadBalancerCaffeineWarnLogger : Spring Cloud LoadBalancer is currently working with the default cache. While this cache implementation is useful for development and tests, it's recommended to use Caffeine cache in production.You can switch to using Caffeine cache, by adding it and org.springframework.cache.caffeine.CaffeineCacheManager to the classpath.
2026-09-20T10:26:40.560+05:30  INFO 12452 --- [rental-service] [           main] o.s.b.a.e.web.EndpointLinksResolver      : Exposing 2 endpoint(s) beneath base path '/actuator'
2026-09-20T10:26:41.004+05:30  INFO 12452 --- [rental-service] [           main] o.s.c.n.eureka.InstanceInfoFactory       : Setting initial instance status as: STARTING
2026-09-20T10:26:41.667+05:30  INFO 12452 --- [rental-service] [           main] com.netflix.discovery.DiscoveryClient    : Initializing Eureka in region us-east-1
2026-09-20T10:26:41.698+05:30  INFO 12452 --- [rental-service] [           main] c.n.d.s.r.aws.ConfigClusterResolver      : Resolving eureka endpoints via configuration
2026-09-20T10:26:41.864+05:30  INFO 12452 --- [rental-service] [           main] com.netflix.discovery.DiscoveryClient    : Disable delta property : false
2026-09-20T10:26:41.877+05:30  INFO 12452 --- [rental-service] [           main] com.netflix.discovery.DiscoveryClient    : Single vip registry refresh property : null
2026-09-20T10:26:41.878+05:30  INFO 12452 --- [rental-service] [           main] com.netflix.discovery.DiscoveryClient    : Force full registry fetch : false
2026-09-20T10:26:41.881+05:30  INFO 12452 --- [rental-service] [           main] com.netflix.discovery.DiscoveryClient    : Application is null : false
2026-09-20T10:26:41.881+05:30  INFO 12452 --- [rental-service] [           main] com.netflix.discovery.DiscoveryClient    : Registered Applications size is zero : true
2026-09-20T10:26:41.881+05:30  INFO 12452 --- [rental-service] [           main] com.netflix.discovery.DiscoveryClient    : Application version is -1: true
2026-09-20T10:26:41.882+05:30  INFO 12452 --- [rental-service] [           main] com.netflix.discovery.DiscoveryClient    : Getting all instance registry info from the eureka server
2026-09-20T10:26:43.844+05:30  INFO 12452 --- [rental-service] [           main] com.netflix.discovery.DiscoveryClient    : The response status is 200
2026-09-20T10:26:43.850+05:30  INFO 12452 --- [rental-service] [           main] com.netflix.discovery.DiscoveryClient    : Starting heartbeat executor: renew interval is: 30
2026-09-20T10:26:43.859+05:30  INFO 12452 --- [rental-service] [           main] c.n.discovery.InstanceInfoReplicator     : InstanceInfoReplicator onDemand update allowed rate per min is 4
2026-09-20T10:26:43.869+05:30  INFO 12452 --- [rental-service] [           main] com.netflix.discovery.DiscoveryClient    : Discovery Client initialized at timestamp 1789880203868 with initial instances count: 1
2026-09-20T10:26:43.914+05:30  INFO 12452 --- [rental-service] [           main] o.s.c.n.e.s.EurekaServiceRegistry        : Registering application RENTAL-SERVICE with eureka with status UP
2026-09-20T10:26:43.916+05:30  INFO 12452 --- [rental-service] [           main] com.netflix.discovery.DiscoveryClient    : Saw local status change event StatusChangeEvent [timestamp=1789880203916, current=UP, previous=STARTING]
2026-09-20T10:26:43.931+05:30  INFO 12452 --- [rental-service] [nfoReplicator-0] com.netflix.discovery.DiscoveryClient    : DiscoveryClient_RENTAL-SERVICE/host.docker.internal:rental-service:8082: registering service...
2026-09-20T10:26:44.017+05:30  INFO 12452 --- [rental-service] [           main] o.s.b.w.embedded.tomcat.TomcatWebServer  : Tomcat started on port 8082 (http) with context path ''
2026-09-20T10:26:44.027+05:30  INFO 12452 --- [rental-service] [           main] .s.c.n.e.s.EurekaAutoServiceRegistration : Updating port to 8082
2026-09-20T10:26:44.099+05:30  INFO 12452 --- [rental-service] [           main] c.b.rental.RentalServiceApplication      : Started RentalServiceApplication in 119.37 seconds (process running for 125.827)
2026-09-20T10:26:44.115+05:30  INFO 12452 --- [rental-service] [   scheduling-1] c.b.rental.service.OverdueScheduler      : Running overdue book check...
2026-09-20T10:26:44.162+05:30  INFO 12452 --- [rental-service] [nfoReplicator-0] com.netflix.discovery.DiscoveryClient    : DiscoveryClient_RENTAL-SERVICE/host.docker.internal:rental-service:8082 - registration status: 204
2026-09-20T10:26:44.640+05:30  INFO 12452 --- [rental-service] [   scheduling-1] c.b.rental.service.OverdueScheduler      : Overdue check completed. Found 0 overdue, 0 due tomorrow.
2026-09-20T10:27:24.072+05:30  INFO 12452 --- [rental-service] [nio-8082-exec-1] o.a.c.c.C.[Tomcat].[localhost].[/]       : Initializing Spring DispatcherServlet 'dispatcherServlet'
2026-09-20T10:27:24.116+05:30  INFO 12452 --- [rental-service] [nio-8082-exec-1] o.s.web.servlet.DispatcherServlet        : Initializing Servlet 'dispatcherServlet'
2026-09-20T10:27:24.370+05:30  INFO 12452 --- [rental-service] [nio-8082-exec-1] o.s.web.servlet.DispatcherServlet        : Completed initialization in 16 ms
